// Jest Snapshot v1, https://goo.gl/fbAQLP

exports[`renders correctly 1`] = `
<th
  className="grid-column cell grid-cell  "
  scope="col"
>
  <input
    className="cell input-cell"
    onChange={[Function]}
    type="text"
  />
</th>
`;
