// Jest Snapshot v1, https://goo.gl/fbAQLP

exports[`renders correctly 1`] = `
<table
  className="center-grid crossword-grid"
/>
`;
