// Jest Snapshot v1, https://goo.gl/fbAQLP

exports[`renders correctly 1`] = `
<div>
  <h4
    className="mb-3 text-center"
  >
    , 
  </h4>
  <div
    className="mt-lg-3"
  />
</div>
`;
