// Jest Snapshot v1, https://goo.gl/fbAQLP

exports[`renders correctly 1`] = `
<div
  className="container-fluid w-100 h-100"
>
  <div
    className="row w-100 h-100"
  >
    <div
      className="col-1 my-auto p-5"
    >
      <a
        href="/"
        onClick={[Function]}
      >
        <div>
          <img
            alt="Left Arrow"
            className="img-fluid"
            src="arrow-left.png"
          />
        </div>
      </a>
    </div>
    <div
      className="col-10 h-100 my-auto"
    >
      <div
        className="row h-100 my-auto"
      >
        <div
          className="col-2"
        />
        <div
          className="col-8 my-auto"
        >
          <div
            className="row my-5"
          >
            <h3
              className="mb-3 text-center"
            >
              Select crossword input method
            </h3>
          </div>
          <div
            className="row my-5"
          >
            <div
              className="btn-group btn-group-lg"
            >
              <button
                className="btn btn-primary"
                onClick={[Function]}
                type="submit"
              >
                Guardian Crossword Number
              </button>
              <button
                className="btn btn-primary"
                onClick={[Function]}
                type="submit"
              >
                Image Upload
              </button>
            </div>
          </div>
        </div>
        <div
          className="col-2"
        />
      </div>
    </div>
    <div
      className="col-1 my-auto"
    />
  </div>
</div>
`;
