// Jest Snapshot v1, https://goo.gl/fbAQLP

exports[`renders correctly 1`] = `
<div
  className="container-fluid w-100 h-100 align-items-center "
>
  <div
    className="row w-100 h-100"
  >
    <div
      className="col-1 my-auto p-5"
    >
      <a
        href="/"
        onClick={[Function]}
      >
        <div>
          <img
            alt="Left Arrow"
            className="img-fluid"
            src="arrow-left.png"
          />
        </div>
      </a>
    </div>
    <div
      className="col-10 h-100 my-auto"
    >
      <div
        className="row h-100 my-auto"
      >
        <div
          className="col-3 border"
        />
        <div
          className="col-6 border middle-column"
        >
          <div
            className="control-buttons"
          >
            <button
              className="control-button-left btn btn-primary text-center"
              onClick={[Function]}
              type="button"
            >
              Show
               Confidence
            </button>
            <button
              className="control-button-right btn btn-primary text-center"
              onClick={[Function]}
              type="button"
            >
              Hide
               Timeline
            </button>
          </div>
        </div>
        <div
          className="col-3 border"
        />
      </div>
    </div>
    <div
      className="col-1"
    />
  </div>
</div>
`;
